2026-05-08 17:36:23,712 | ERROR | validation error
Traceback (most recent call last):
  File "/home/avi/Projects/intershipprojecttrade/cli.py", line 60, in place_order
    order = OrderInput(
            ^^^^^^^^^^^
  File "/home/avi/Projects/intershipprojecttrade/.venv/lib/python3.12/site-packages/pydantic/main.py", line 263, in __init__
    validated_self = self.__pydantic_validator__.validate_python(data, self_instance=self)
                     ^^^^^^^^^^^^^^^^^^^^^^^^^^^^^^^^^^^^^^^^^^^^^^^^^^^^^^^^^^^^^^^^^^^^^
pydantic_core._pydantic_core.ValidationError: 1 validation error for OrderInput
  Value error, price is required for LIMIT orders [type=value_error, input_value={'symbol': 'BTCUSDT', 'si...one, 'stop_price': None}, input_type=dict]
    For further information visit https://errors.pydantic.dev/2.13/v/value_error
2026-05-08 17:36:42,180 | ERROR | validation error
Traceback (most recent call last):
  File "/home/avi/Projects/intershipprojecttrade/cli.py", line 60, in place_order
    order = OrderInput(
            ^^^^^^^^^^^
  File "/home/avi/Projects/intershipprojecttrade/.venv/lib/python3.12/site-packages/pydantic/main.py", line 263, in __init__
    validated_self = self.__pydantic_validator__.validate_python(data, self_instance=self)
                     ^^^^^^^^^^^^^^^^^^^^^^^^^^^^^^^^^^^^^^^^^^^^^^^^^^^^^^^^^^^^^^^^^^^^^
pydantic_core._pydantic_core.ValidationError: 1 validation error for OrderInput
  Value error, price is required for LIMIT orders [type=value_error, input_value={'symbol': 'BTCUSDT', 'si...one, 'stop_price': None}, input_type=dict]
    For further information visit https://errors.pydantic.dev/2.13/v/value_error
2026-05-08 17:37:47,124 | INFO | validated order {'symbol': 'BTCUSDT', 'side': 'BUY', 'type': 'MARKET', 'quantity': '0.001'}
2026-05-08 17:38:29,755 | ERROR | validation error
Traceback (most recent call last):
  File "/home/avi/Projects/intershipprojecttrade/bot/validators.py", line 47, in parse_order_input
    return OrderInput(**data)
           ^^^^^^^^^^^^^^^^^^
  File "/home/avi/Projects/intershipprojecttrade/.venv/lib/python3.12/site-packages/pydantic/main.py", line 263, in __init__
    validated_self = self.__pydantic_validator__.validate_python(data, self_instance=self)
                     ^^^^^^^^^^^^^^^^^^^^^^^^^^^^^^^^^^^^^^^^^^^^^^^^^^^^^^^^^^^^^^^^^^^^^
pydantic_core._pydantic_core.ValidationError: 1 validation error for OrderInput
  Value error, price is required for LIMIT orders [type=value_error, input_value={'symbol': 'BTCUSDT', 'si...one, 'stop_price': None}, input_type=dict]
    For further information visit https://errors.pydantic.dev/2.13/v/value_error

The above exception was the direct cause of the following exception:

Traceback (most recent call last):
  File "/home/avi/Projects/intershipprojecttrade/cli.py", line 78, in place_order
    order = parse_order_input(
            ^^^^^^^^^^^^^^^^^^
  File "/home/avi/Projects/intershipprojecttrade/bot/validators.py", line 49, in parse_order_input
    raise ValidationError(str(exc)) from exc
bot.exceptions.ValidationError: 1 validation error for OrderInput
  Value error, price is required for LIMIT orders [type=value_error, input_value={'symbol': 'BTCUSDT', 'si...one, 'stop_price': None}, input_type=dict]
    For further information visit https://errors.pydantic.dev/2.13/v/value_error
2026-05-08 17:48:24,250 | INFO | validated order {'symbol': 'BTCUSDT', 'side': 'BUY', 'type': 'MARKET', 'quantity': '0.001'}
2026-05-08 17:48:24,250 | ERROR | unexpected order placement failure
Traceback (most recent call last):
  File "/home/avi/Projects/intershipprojecttrade/cli.py", line 95, in place_order
    client = BinanceFuturesClient.from_env()
             ^^^^^^^^^^^^^^^^^^^^^^^^^^^^^^^
  File "/home/avi/Projects/intershipprojecttrade/bot/client.py", line 32, in from_env
    return cls(
           ^^^^
  File "<string>", line 5, in __init__
  File "/home/avi/Projects/intershipprojecttrade/bot/client.py", line 24, in __post_init__
    self.logger = configure_logging()
    ^^^^^^^^^^^
AttributeError: 'BinanceFuturesClient' object has no attribute 'logger'
2026-05-08 17:48:56,813 | INFO | validated order {'symbol': 'BTCUSDT', 'side': 'BUY', 'type': 'MARKET', 'quantity': '0.001'}
2026-05-08 17:48:57,230 | ERROR | unexpected order placement failure
Traceback (most recent call last):
  File "/home/avi/Projects/intershipprojecttrade/cli.py", line 95, in place_order
    client = BinanceFuturesClient.from_env()
             ^^^^^^^^^^^^^^^^^^^^^^^^^^^^^^^
  File "/home/avi/Projects/intershipprojecttrade/bot/client.py", line 34, in from_env
    return cls(
           ^^^^
  File "<string>", line 6, in __init__
  File "/home/avi/Projects/intershipprojecttrade/bot/client.py", line 30, in __post_init__
    self.client = Client(self.api_key, self.api_secret, testnet=True)
    ^^^^^^^^^^^
AttributeError: 'BinanceFuturesClient' object has no attribute 'client'
2026-05-08 17:49:34,926 | INFO | validated order {'symbol': 'BTCUSDT', 'side': 'BUY', 'type': 'MARKET', 'quantity': '0.001'}
2026-05-08 17:49:35,316 | INFO | request place_market_order {'symbol': 'BTCUSDT', 'side': 'BUY', 'type': 'MARKET', 'quantity': '0.001'}
2026-05-08 17:49:35,746 | INFO | response place_market_order {'orderId': 13120645897, 'symbol': 'BTCUSDT', 'status': 'NEW', 'clientOrderId': 'x-Cb7ytekJ37ba4c693afd8c0ce0ed8a', 'price': '0.00', 'avgPrice': '0.00', 'origQty': '0.0010', 'executedQty': '0.0000', 'cumQty': '0.0000', 'cumQuote': '0.000000', 'timeInForce': 'GTC', 'type': 'MARKET', 'reduceOnly': False, 'closePosition': False, 'side': 'BUY', 'positionSide': 'BOTH', 'stopPrice': '0.00', 'workingType': 'CONTRACT_PRICE', 'priceProtect': False, 'origType': 'MARKET', 'priceMatch': 'NONE', 'selfTradePreventionMode': 'EXPIRE_MAKER', 'goodTillDate': 0, 'updateTime': 1778242775665}
2026-05-08 17:49:44,665 | INFO | validated order {'symbol': 'BTCUSDT', 'side': 'BUY', 'type': 'MARKET', 'quantity': '0.001'}
2026-05-08 17:49:45,077 | INFO | request place_market_order {'symbol': 'BTCUSDT', 'side': 'BUY', 'type': 'MARKET', 'quantity': '0.001'}
2026-05-08 17:49:45,543 | INFO | response place_market_order {'orderId': 13120646238, 'symbol': 'BTCUSDT', 'status': 'NEW', 'clientOrderId': 'x-Cb7ytekJ70b3e5a7d4ddbbb5d6a11a', 'price': '0.00', 'avgPrice': '0.00', 'origQty': '0.0010', 'executedQty': '0.0000', 'cumQty': '0.0000', 'cumQuote': '0.000000', 'timeInForce': 'GTC', 'type': 'MARKET', 'reduceOnly': False, 'closePosition': False, 'side': 'BUY', 'positionSide': 'BOTH', 'stopPrice': '0.00', 'workingType': 'CONTRACT_PRICE', 'priceProtect': False, 'origType': 'MARKET', 'priceMatch': 'NONE', 'selfTradePreventionMode': 'EXPIRE_MAKER', 'goodTillDate': 0, 'updateTime': 1778242785452}
2026-05-08 17:49:55,827 | INFO | validated order {'symbol': 'BTCUSDT', 'side': 'SELL', 'type': 'LIMIT', 'quantity': '0.001', 'price': '70000'}
2026-05-08 17:49:56,122 | INFO | request place_limit_order {'symbol': 'BTCUSDT', 'side': 'SELL', 'type': 'LIMIT', 'timeInForce': 'GTC', 'quantity': '0.001', 'price': '70000.0'}
2026-05-08 17:49:56,553 | ERROR | binance client error: APIError(code=-4024): Limit price can't be lower than 76256.25.
Traceback (most recent call last):
  File "/home/avi/Projects/intershipprojecttrade/bot/client.py", line 82, in place_limit_order
    response = self.client.futures_create_order(**payload)
               ^^^^^^^^^^^^^^^^^^^^^^^^^^^^^^^^^^^^^^^^^^^
  File "/home/avi/Projects/intershipprojecttrade/.venv/lib/python3.12/site-packages/binance/client.py", line 7951, in futures_create_order
    return self._request_futures_api("post", "order", True, data=params)
           ^^^^^^^^^^^^^^^^^^^^^^^^^^^^^^^^^^^^^^^^^^^^^^^^^^^^^^^^^^^^^
  File "/home/avi/Projects/intershipprojecttrade/.venv/lib/python3.12/site-packages/binance/client.py", line 144, in _request_futures_api
    return self._request(method, uri, signed, force_params, **kwargs)
           ^^^^^^^^^^^^^^^^^^^^^^^^^^^^^^^^^^^^^^^^^^^^^^^^^^^^^^^^^^
  File "/home/avi/Projects/intershipprojecttrade/.venv/lib/python3.12/site-packages/binance/client.py", line 107, in _request
    return self._handle_response(self.response)
           ^^^^^^^^^^^^^^^^^^^^^^^^^^^^^^^^^^^^
  File "/home/avi/Projects/intershipprojecttrade/.venv/lib/python3.12/site-packages/binance/client.py", line 116, in _handle_response
    raise BinanceAPIException(response, response.status_code, response.text)
binance.exceptions.BinanceAPIException: APIError(code=-4024): Limit price can't be lower than 76256.25.
2026-05-08 17:49:56,556 | ERROR | order placement failed
Traceback (most recent call last):
  File "/home/avi/Projects/intershipprojecttrade/bot/client.py", line 82, in place_limit_order
    response = self.client.futures_create_order(**payload)
               ^^^^^^^^^^^^^^^^^^^^^^^^^^^^^^^^^^^^^^^^^^^
  File "/home/avi/Projects/intershipprojecttrade/.venv/lib/python3.12/site-packages/binance/client.py", line 7951, in futures_create_order
    return self._request_futures_api("post", "order", True, data=params)
           ^^^^^^^^^^^^^^^^^^^^^^^^^^^^^^^^^^^^^^^^^^^^^^^^^^^^^^^^^^^^^
  File "/home/avi/Projects/intershipprojecttrade/.venv/lib/python3.12/site-packages/binance/client.py", line 144, in _request_futures_api
    return self._request(method, uri, signed, force_params, **kwargs)
           ^^^^^^^^^^^^^^^^^^^^^^^^^^^^^^^^^^^^^^^^^^^^^^^^^^^^^^^^^^
  File "/home/avi/Projects/intershipprojecttrade/.venv/lib/python3.12/site-packages/binance/client.py", line 107, in _request
    return self._handle_response(self.response)
           ^^^^^^^^^^^^^^^^^^^^^^^^^^^^^^^^^^^^
  File "/home/avi/Projects/intershipprojecttrade/.venv/lib/python3.12/site-packages/binance/client.py", line 116, in _handle_response
    raise BinanceAPIException(response, response.status_code, response.text)
binance.exceptions.BinanceAPIException: APIError(code=-4024): Limit price can't be lower than 76256.25.

During handling of the above exception, another exception occurred:

Traceback (most recent call last):
  File "/home/avi/Projects/intershipprojecttrade/cli.py", line 103, in place_order
    response = client.place_limit_order(
               ^^^^^^^^^^^^^^^^^^^^^^^^^
  File "/home/avi/Projects/intershipprojecttrade/.venv/lib/python3.12/site-packages/tenacity/__init__.py", line 331, in wrapped_f
    return copy(f, *args, **kw)
           ^^^^^^^^^^^^^^^^^^^^
  File "/home/avi/Projects/intershipprojecttrade/.venv/lib/python3.12/site-packages/tenacity/__init__.py", line 470, in __call__
    do = self.iter(retry_state=retry_state)
         ^^^^^^^^^^^^^^^^^^^^^^^^^^^^^^^^^^
  File "/home/avi/Projects/intershipprojecttrade/.venv/lib/python3.12/site-packages/tenacity/__init__.py", line 371, in iter
    result = action(retry_state)
             ^^^^^^^^^^^^^^^^^^^
  File "/home/avi/Projects/intershipprojecttrade/.venv/lib/python3.12/site-packages/tenacity/__init__.py", line 393, in <lambda>
    self._add_action_func(lambda rs: rs.outcome.result())
                                     ^^^^^^^^^^^^^^^^^^^
  File "/usr/lib/python3.12/concurrent/futures/_base.py", line 449, in result
    return self.__get_result()
           ^^^^^^^^^^^^^^^^^^^
  File "/usr/lib/python3.12/concurrent/futures/_base.py", line 401, in __get_result
    raise self._exception
  File "/home/avi/Projects/intershipprojecttrade/.venv/lib/python3.12/site-packages/tenacity/__init__.py", line 473, in __call__
    result = fn(*args, **kwargs)
             ^^^^^^^^^^^^^^^^^^^
  File "/home/avi/Projects/intershipprojecttrade/bot/client.py", line 84, in place_limit_order
    raise self._raise_client_error(exc)
bot.exceptions.BinanceClientError: APIError(code=-4024): Limit price can't be lower than 76256.25.
2026-05-08 17:50:07,879 | INFO | validated order {'symbol': 'BTCUSDT', 'side': 'SELL', 'type': 'LIMIT', 'quantity': '0.001', 'price': '80000'}
2026-05-08 17:50:08,093 | INFO | request place_limit_order {'symbol': 'BTCUSDT', 'side': 'SELL', 'type': 'LIMIT', 'timeInForce': 'GTC', 'quantity': '0.001', 'price': '80000.0'}
2026-05-08 17:50:08,289 | INFO | response place_limit_order {'orderId': 13120647103, 'symbol': 'BTCUSDT', 'status': 'NEW', 'clientOrderId': 'x-Cb7ytekJ6a7ca4b1b698ead1bbff2b', 'price': '80000.00', 'avgPrice': '0.00', 'origQty': '0.0010', 'executedQty': '0.0000', 'cumQty': '0.0000', 'cumQuote': '0.000000', 'timeInForce': 'GTC', 'type': 'LIMIT', 'reduceOnly': False, 'closePosition': False, 'side': 'SELL', 'positionSide': 'BOTH', 'stopPrice': '0.00', 'workingType': 'CONTRACT_PRICE', 'priceProtect': False, 'origType': 'LIMIT', 'priceMatch': 'NONE', 'selfTradePreventionMode': 'EXPIRE_MAKER', 'goodTillDate': 0, 'updateTime': 1778242808254}
2026-05-08 18:14:24,348 | v0.2.0 | INFO | logging initialized version=0.2.0
2026-05-08 18:14:24,352 | v0.2.0 | INFO | validated order {'symbol': 'BTCUSDT', 'side': 'BUY', 'type': 'MARKET', 'quantity': '0.0015'}
2026-05-08 18:14:24,987 | v0.2.0 | INFO | request place_market_order {'symbol': 'BTCUSDT', 'side': 'BUY', 'type': 'MARKET', 'quantity': '0.0015'}
2026-05-08 18:14:25,108 | v0.2.0 | INFO | response place_market_order {'orderId': 13120700963, 'symbol': 'BTCUSDT', 'status': 'NEW', 'clientOrderId': 'x-Cb7ytekJ6961943340556b3cb0a090', 'price': '0.00', 'avgPrice': '0.00', 'origQty': '0.0015', 'executedQty': '0.0000', 'cumQty': '0.0000', 'cumQuote': '0.000000', 'timeInForce': 'GTC', 'type': 'MARKET', 'reduceOnly': False, 'closePosition': False, 'side': 'BUY', 'positionSide': 'BOTH', 'stopPrice': '0.00', 'workingType': 'CONTRACT_PRICE', 'priceProtect': False, 'origType': 'MARKET', 'priceMatch': 'NONE', 'selfTradePreventionMode': 'EXPIRE_MAKER', 'goodTillDate': 0, 'updateTime': 1778244265049}
2026-05-08 18:14:35,682 | v0.2.0 | INFO | logging initialized version=0.2.0
2026-05-08 18:14:48,135 | v0.2.0 | INFO | logging initialized version=0.2.0
2026-05-08 18:15:00,768 | v0.2.0 | INFO | logging initialized version=0.2.0
2026-05-08 18:15:00,772 | v0.2.0 | INFO | validated order {'symbol': 'BTCUSDT', 'side': 'BUY', 'type': 'MARKET', 'quantity': '0.00015'}
2026-05-08 18:15:01,259 | v0.2.0 | ERROR | unexpected order placement failure
Traceback (most recent call last):
  File "/home/avi/Projects/intershipprojecttrade/cli.py", line 97, in place_order
    response = client.place_market_order(
               ^^^^^^^^^^^^^^^^^^^^^^^^^^
  File "/home/avi/Projects/intershipprojecttrade/.venv/lib/python3.12/site-packages/tenacity/__init__.py", line 331, in wrapped_f
    return copy(f, *args, **kw)
           ^^^^^^^^^^^^^^^^^^^^
  File "/home/avi/Projects/intershipprojecttrade/.venv/lib/python3.12/site-packages/tenacity/__init__.py", line 470, in __call__
    do = self.iter(retry_state=retry_state)
         ^^^^^^^^^^^^^^^^^^^^^^^^^^^^^^^^^^
  File "/home/avi/Projects/intershipprojecttrade/.venv/lib/python3.12/site-packages/tenacity/__init__.py", line 371, in iter
    result = action(retry_state)
             ^^^^^^^^^^^^^^^^^^^
  File "/home/avi/Projects/intershipprojecttrade/.venv/lib/python3.12/site-packages/tenacity/__init__.py", line 393, in <lambda>
    self._add_action_func(lambda rs: rs.outcome.result())
                                     ^^^^^^^^^^^^^^^^^^^
  File "/usr/lib/python3.12/concurrent/futures/_base.py", line 449, in result
    return self.__get_result()
           ^^^^^^^^^^^^^^^^^^^
  File "/usr/lib/python3.12/concurrent/futures/_base.py", line 401, in __get_result
    raise self._exception
  File "/home/avi/Projects/intershipprojecttrade/.venv/lib/python3.12/site-packages/tenacity/__init__.py", line 473, in __call__
    result = fn(*args, **kwargs)
             ^^^^^^^^^^^^^^^^^^^
  File "/home/avi/Projects/intershipprojecttrade/bot/client.py", line 120, in place_market_order
    self.validate_order_precision(symbol=symbol, order_type="MARKET", quantity=quantity)
  File "/home/avi/Projects/intershipprojecttrade/bot/client.py", line 95, in validate_order_precision
    raise ValidationError(
bot.exceptions.ValidationError: quantity 0.00015 does not match step size 0.0001 for BTCUSDT
2026-05-08 18:15:40,435 | v0.2.0 | INFO | logging initialized version=0.2.0
2026-05-08 18:15:40,440 | v0.2.0 | INFO | validated order {'symbol': 'BTCUSDT', 'side': 'BUY', 'type': 'MARKET', 'quantity': '0.001'}
2026-05-08 18:15:41,351 | v0.2.0 | INFO | request place_market_order {'symbol': 'BTCUSDT', 'side': 'BUY', 'type': 'MARKET', 'quantity': '0.001'}
2026-05-08 18:15:41,473 | v0.2.0 | INFO | response place_market_order {'orderId': 13120703583, 'symbol': 'BTCUSDT', 'status': 'NEW', 'clientOrderId': 'x-Cb7ytekJbf25cd7460e8eb878cbcb1', 'price': '0.00', 'avgPrice': '0.00', 'origQty': '0.0010', 'executedQty': '0.0000', 'cumQty': '0.0000', 'cumQuote': '0.000000', 'timeInForce': 'GTC', 'type': 'MARKET', 'reduceOnly': False, 'closePosition': False, 'side': 'BUY', 'positionSide': 'BOTH', 'stopPrice': '0.00', 'workingType': 'CONTRACT_PRICE', 'priceProtect': False, 'origType': 'MARKET', 'priceMatch': 'NONE', 'selfTradePreventionMode': 'EXPIRE_MAKER', 'goodTillDate': 0, 'updateTime': 1778244341415}
2026-05-08 18:15:46,055 | v0.2.0 | INFO | logging initialized version=0.2.0
2026-05-08 18:15:46,060 | v0.2.0 | INFO | validated order {'symbol': 'BTCUSDT', 'side': 'SELL', 'type': 'LIMIT', 'quantity': '0.001', 'price': '80000'}
2026-05-08 18:15:46,910 | v0.2.0 | INFO | request place_limit_order {'symbol': 'BTCUSDT', 'side': 'SELL', 'type': 'LIMIT', 'timeInForce': 'GTC', 'quantity': '0.001', 'price': '80000.0'}
2026-05-08 18:15:47,099 | v0.2.0 | INFO | response place_limit_order {'orderId': 13120703872, 'symbol': 'BTCUSDT', 'status': 'NEW', 'clientOrderId': 'x-Cb7ytekJ6925f248fb51ba86784fe1', 'price': '80000.00', 'avgPrice': '0.00', 'origQty': '0.0010', 'executedQty': '0.0000', 'cumQty': '0.0000', 'cumQuote': '0.000000', 'timeInForce': 'GTC', 'type': 'LIMIT', 'reduceOnly': False, 'closePosition': False, 'side': 'SELL', 'positionSide': 'BOTH', 'stopPrice': '0.00', 'workingType': 'CONTRACT_PRICE', 'priceProtect': False, 'origType': 'LIMIT', 'priceMatch': 'NONE', 'selfTradePreventionMode': 'EXPIRE_MAKER', 'goodTillDate': 0, 'updateTime': 1778244346971}
